// Vitest Snapshot v1

exports[`app > should match snapshot 1`] = `
<div>
  <div
    class="MuiBox-root css-mwk0hw"
  >
    <div
      class="MuiPaper-root MuiPaper-elevation MuiPaper-rounded MuiPaper-elevation3 css-isl53j-MuiPaper-root"
    >
      <form
        action="https://www.google.com/search"
        method="get"
        style="display: flex;"
      >
        <input
          name="q"
          placeholder="search.placeholder"
          style="flex: 1; padding: 0.3vw 0.5vw; border-radius: 5px;"
          type="text"
        />
      </form>
    </div>
    <div
      class="MuiPaper-root MuiPaper-elevation MuiPaper-rounded MuiPaper-elevation3 css-cov41y-MuiPaper-root"
    >
      <div
        class="MuiPaper-root MuiPaper-outlined MuiPaper-rounded MuiCard-root css-1jhobqq-MuiPaper-root-MuiCard-root"
      >
        <div
          class="MuiCardContent-root css-8rsz2t-MuiCardContent-root"
        >
          <svg
            aria-hidden="true"
            class="MuiSvgIcon-root MuiSvgIcon-fontSizeLarge css-tzssek-MuiSvgIcon-root"
            color="grey"
            data-testid="AddIcon"
            focusable="false"
            viewBox="0 0 24 24"
          >
            <path
              d="M19 13h-6v6h-2v-6H5v-2h6V5h2v6h6v2z"
            />
          </svg>
        </div>
      </div>
    </div>
    <div
      id="DndDescribedBy-0"
      style="display: none;"
    >
      
    To pick up a draggable item, press the space bar.
    While dragging, use the arrow keys to move the item.
    Press space again to drop the item in its new position, or press escape to cancel.
  
    </div>
    <div
      aria-atomic="true"
      aria-live="assertive"
      id="DndLiveRegion-0"
      role="status"
      style="position: fixed; width: 1px; height: 1px; margin: -1px; border: 0px; padding: 0px; overflow: hidden; clip-path: inset(100%); white-space: nowrap;"
    />
    <div
      style="grid-area: spacer;"
    />
    <div
      class="MuiBox-root css-1xm93o3"
    >
      <p
        class="MuiTypography-root MuiTypography-body1 css-ahj2mt-MuiTypography-root"
      >
        ©
         
        <a
          href="https://github.com/burtek"
          referrerpolicy="no-referrer"
          rel="noopener noreferrer nofollow"
          target="_blank"
        >
          burtek
        </a>
         2023 | 
        <a
          href="https://github.com/burtek/speeddial"
          referrerpolicy="no-referrer"
          rel="noopener noreferrer nofollow"
          target="_blank"
        >
          This project is open-source!
        </a>
         | Build undefined
      </p>
    </div>
  </div>
</div>
`;
